[eventlytemplate.sewatech.io/index.html]
[backblue.gif]
[fade.gif]
[index.html]
[assets.website-files.com/5f52d0a216ec497e4af64a96/css/eventlytemplate.sewatech.df0eef1f4.css]
[assets.website-files.com/5f52d0a216ec497e4af64a96/5f52d0a216ec4975f1f64bca_favicon.svg]
[assets.website-files.com/5f52d0a216ec497e4af64a96/5f52d0a216ec49ad1bf64bcb_webclip.svg]
[assets.website-files.com/5f52d0a216ec497e4af64a96/60a6aee02f45796f6a17ca37_logo-light-evently.svg]
[eventlytemplate.sewatech.io/about-us.html]
[eventlytemplate.sewatech.io/agenda.html]
[eventlytemplate.sewatech.io/speakers.html]
[eventlytemplate.sewatech.io/speaker/john-carter.html]
[eventlytemplate.sewatech.io/conference.html]
[eventlytemplate.sewatech.io/tickets.html]
[eventlytemplate.sewatech.io/product/deluxe-ticket.html]
[eventlytemplate.sewatech.io/blog.html]
[eventlytemplate.sewatech.io/post/5-great-marketing-trends-to-follow-in-2021.html]
[eventlytemplate.sewatech.io/contact.html]
[eventlytemplate.sewatech.io/utility-pages/start-here.html]
[eventlytemplate.sewatech.io/utility-pages/styleguide.html]
[eventlytemplate.sewatech.io/utility-pages/licenses.html]
[eventlytemplate.sewatech.io/404.html]
[eventlytemplate.sewatech.io/401.html]
[eventlytemplate.sewatech.io/utility-pages/changelog.html]
[assets.website-files.com/5f52d0a216ec497e4af64a96/5f52d0a216ec49aa39f64b83_cart-button-events-template.svg]
[eventlytemplate.sewatech.io/checkout.html]
[assets.website-files.com/5f52d0a216ec497e4af64a96/60a6aeadc1616b75e0f29e8c_icon-marketingconf-01-evently-template.svg]
[assets.website-files.com/5f52d0a216ec497e4af64a96/60a6aeba113ace595cb48bea_icon-marketingconf-02-evently-template.svg]
[assets.website-files.com/5f52d0a216ec497e4af64a96/60a6aec36bfea552b60bff16_icon-marketingconf-03-evently-template.svg]
[assets.website-files.com/5f52d0a216ec492e38f64aba/5f52d0a216ec493c2df64c32_image-small-speaker-01-event-template.png]
[eventlytemplate.sewatech.io/speaker/emma-morgan.html]
[assets.website-files.com/5f52d0a216ec492e38f64aba/5f52d0a216ec4926cff64c30_image-small-speaker-02-event-template.png]
[eventlytemplate.sewatech.io/speaker/clark-howell.html]
[assets.website-files.com/5f52d0a216ec492e38f64aba/5f52d0a216ec493699f64c24_image-small-speaker-03-event-template.png]
[assets.website-files.com/5f52d0a216ec497e4af64a96/5f52d0a216ec493867f64b90_icon-benefits-01-evently-template.svg]
[assets.website-files.com/5f52d0a216ec497e4af64a96/5f52d0a216ec4940bbf64b91_icon-benefits-02-evently-template.svg]
[assets.website-files.com/5f52d0a216ec497e4af64a96/5f52d0a216ec499ef7f64b92_icon-benefits-03-evently-template.svg]
[assets.website-files.com/5f52d0a216ec497e4af64a96/5f52d0a216ec4992a3f64b94_icon-benefits-04-evently-template.svg]
[assets.website-files.com/5f52d0a216ec497e4af64a96/5f52d0a216ec493217f64b93_icon-benefits-05-evently-template.svg]
[assets.website-files.com/5f52d0a216ec497e4af64a96/5f52d0a216ec4900aaf64b95_icon-benefits-06-evently-template.svg]
[assets.website-files.com/5f52d0a216ec497e4af64a96/5f52d0a216ec499971f64b79_logo-sponsor-01-events-template.svg]
[assets.website-files.com/5f52d0a216ec497e4af64a96/5f52d0a216ec499ddff64b7b_logo-sponsor-02-events-template.svg]
[assets.website-files.com/5f52d0a216ec497e4af64a96/5f52d0a216ec4968bff64b7a_logo-sponsor-03-events-template.svg]
[assets.website-files.com/5f52d0a216ec497e4af64a96/5f52d0a216ec4936b0f64b80_logo-sponsor-04-events-template.svg]
[assets.website-files.com/5f52d0a216ec497e4af64a96/5f52d0a216ec4901daf64b7e_logo-sponsor-05-events-template.svg]
[assets.website-files.com/5f52d0a216ec497e4af64a96/5f52d0a216ec49cd99f64b7f_logo-sponsor-06-events-template.svg]
[assets.website-files.com/5f52d0a216ec497e4af64a96/5f52d0a216ec4960baf64b7d_logo-sponsor-07-events-template.svg]
[assets.website-files.com/5f52d0a216ec497e4af64a96/5f52d0a216ec49c6c4f64b81_logo-sponsor-08-events-template.svg]
[assets.website-files.com/5f52d0a216ec497e4af64a96/5f52d0a216ec494696f64b7c_logo-sponsor-09-events-template.svg]
[eventlytemplate.sewatech.io/post/5-video-editing-tools-you-need-to-know-2.html]
[assets.website-files.com/5f52d0a216ec492e38f64aba/5f52d0a216ec492be2f64c38_post-image-thumbnail-02-evently-template.jpg]
[eventlytemplate.sewatech.io/blog-category/advertising.html]
[eventlytemplate.sewatech.io/post/how-to-plan-a-content-marketing-strategy-2.html]
[assets.website-files.com/5f52d0a216ec492e38f64aba/5f52d0a216ec4953cbf64c36_post-image-thumbnail-01-evently-template.jpg]
[eventlytemplate.sewatech.io/blog-category/marketing.html]
[assets.website-files.com/5f52d0a216ec492e38f64aba/5f52d0a216ec493917f64c41_post-image-thumbnail-07-evently-template.jpg]
[eventlytemplate.sewatech.io/speaker/jason-larson.html]
[assets.website-files.com/5f52d0a216ec492e38f64aba/5f52d0a216ec49225df64c2c_image-small-speaker-05-event-template.png]
[assets.website-files.com/5f52d0a216ec497e4af64a96/5f52d0a216ec4977fbf64ba8_image-meet-the-team-03-evently-template.jpg]
[assets.website-files.com/5f52d0a216ec497e4af64a96/5f52d0a216ec490630f64ba7_image-meet-the-team-01-evently-template.jpg]
[assets.website-files.com/5f52d0a216ec497e4af64a96/5f52d0a216ec4985b5f64baa_image-meet-the-team-02-evently-template.jpg]
[eventlytemplate.sewatech.io/event-category/marketing.html]
[eventlytemplate.sewatech.io/event/3-great-platforms-to-promote-your-video.html]
[eventlytemplate.sewatech.io/event-category/producing.html]
[eventlytemplate.sewatech.io/speaker/stuart-newman.html]
[assets.website-files.com/5f52d0a216ec492e38f64aba/5f52d0a216ec4907f0f64c28_image-small-speaker-07-event-template.png]
[eventlytemplate.sewatech.io/event/editing-101-how-to-produce-a-great-video.html]
[eventlytemplate.sewatech.io/event-category/branding.html]
[eventlytemplate.sewatech.io/event/branding-101-how-to-have-a-consistent-video-style.html]
[eventlytemplate.sewatech.io/speaker/elena-summers.html]
[assets.website-files.com/5f52d0a216ec492e38f64aba/5f52d0a216ec49e8b0f64c2a_image-small-speaker-06-event-template.png]
[eventlytemplate.sewatech.io/event/how-to-increase-your-video-reach-in-youtube-2.html]
[eventlytemplate.sewatech.io/event/video-gear-what-gear-to-buy-for-video-producing-2.html]
[eventlytemplate.sewatech.io/event/facebook-vs-youtube-for-video-pros-cons-2.html]
[assets.website-files.com/5f52d0a216ec497e4af64a96/60a6aef985b039e80c3b1c1e_logo-dark-evently.svg]
[d3e54v103j8qbb.cloudfront.net/js/jquery-3.5.1.min.dc5e7f18c8be1e.js]
[eventlytemplate.sewatech.io/index.html]
[assets.website-files.com/5f52d0a216ec497e4af64a96/js/sewatech.44f2cda22.js]
[assets.website-files.com/5f52d0a216ec497e4af64a96/60bd486edf04124f00e19209_evently-hero-image-sewatech-template.jpg]
[assets.website-files.com/5f52d0a216ec497e4af64a96/5f52d0a216ec4982aff64af7_PlusJakartaDisplay-Medium.otf]
[assets.website-files.com/5f52d0a216ec497e4af64a96/5f52d0a216ec498c4ef64af5_PlusJakartaDisplay-Bold.otf]
[assets.website-files.com/5f52d0a216ec497e4af64a96/5f52d0a216ec495157f64af6_PlusJakartaDisplay-Regular.otf]
[assets.website-files.com/5f52d0a216ec497e4af64a96/css/eventlytemplate.sewatech.df0eef1f4.css]
[assets.website-files.com/5f52d0a216ec497e4af64a96/5f52d0a216ec4975f1f64bca_favicon.svg]
[assets.website-files.com/5f52d0a216ec497e4af64a96/5f52d0a216ec49ad1bf64bcb_webclip.svg]
[assets.website-files.com/5f52d0a216ec497e4af64a96/60a6aee02f45796f6a17ca37_logo-light-evently.svg]
[eventlytemplate.sewatech.io/post/5-great-marketing-trends-to-follow-in-2020]
[assets.website-files.com/5f52d0a216ec497e4af64a96/5f52d0a216ec49439df64b87_cart-button-evently-template.svg]
[assets.website-files.com/5f52d0a216ec497e4af64a96/5f52d0a216ec493410f64ba3_image-who-we-are-02-evently-template.jpg]
[assets.website-files.com/5f52d0a216ec497e4af64a96/5f52d0a216ec491e46f64ba2_image-who-we-are-01-evently-template.jpg]
[assets.website-files.com/5f52d0a216ec497e4af64a96/5f52d0a216ec497d6bf64ba6_image-previous-confs-01-evently-template.jpg]
[assets.website-files.com/5f52d0a216ec497e4af64a96/5f52d0a216ec492ba2f64ba5_image-previous-confs-02-evently-template.jpg]
[assets.website-files.com/5f52d0a216ec497e4af64a96/5f52d0a216ec494783f64ba9_image-meet-the-team-04-evently-template.jpg]
[eventlytemplate.sewatech.io/about-us.html]
[eventlytemplate.sewatech.io/event-category/advertising.html]
[eventlytemplate.sewatech.io/event/case-study-how-we-got-3-6m-views-in-just-3-days.html]
[eventlytemplate.sewatech.io/speaker/tracy-bridges.html]
[assets.website-files.com/5f52d0a216ec492e38f64aba/5f52d0a216ec49d6cdf64c26_image-small-speaker-08-event-template.png]
[eventlytemplate.sewatech.io/event/viral-marketing-how-to-create-a-viral-video.html]
[eventlytemplate.sewatech.io/event/how-to-increase-your-video-reach-in-youtube.html]
[eventlytemplate.sewatech.io/speaker/james-hudson.html]
[assets.website-files.com/5f52d0a216ec492e38f64aba/5f52d0a216ec494111f64c33_image-small-speaker-09-event-template.png]
[eventlytemplate.sewatech.io/event/video-gear-what-gear-to-buy-for-video-producing.html]
[eventlytemplate.sewatech.io/speaker/miranda-hoffman.html]
[assets.website-files.com/5f52d0a216ec492e38f64aba/5f52d0a216ec4925eef64c2e_image-small-speaker-04-event-template.png]
[eventlytemplate.sewatech.io/event/facebook-vs-youtube-for-video-pros-cons.html]
[eventlytemplate.sewatech.io/agenda.html]
[eventlytemplate.sewatech.io/speakers.html]
[eventlytemplate.sewatech.io/event/how-to-create-a-successful-video-marketing-ad.html]
[assets.website-files.com/5f52d0a216ec492e38f64aba/5f52d0a216ec495106f64c31_image-speaker-01-events-template.png]
[eventlytemplate.sewatech.io/speaker/john-carter.html]
[assets.website-files.com/5f52d0a216ec497e4af64a96/5f52d0a216ec495c6cf64bd5_icon-resource-01-evently-template.svg]
[assets.website-files.com/5f52d0a216ec497e4af64a96/5f52d0a216ec49bd2af64bd7_icon-resource-02-evently-template.svg]
[assets.website-files.com/5f52d0a216ec497e4af64a96/5f52d0a216ec49175cf64bd6_icon-resource-03-evently-template.svg]
[assets.website-files.com/5f52d0a216ec497e4af64a96/5f52d0a216ec492ee6f64bd8_icon-resource-04-evently-template.svg]
[assets.website-files.com/5f52d0a216ec497e4af64a96/5f52d0a216ec490d06f64bda_icon-resource-05-evently-template.svg]
[assets.website-files.com/5f52d0a216ec497e4af64a96/5f52d0a216ec492554f64ba0_icon-social-media-contact-02-evently-template.svg]
[assets.website-files.com/5f52d0a216ec497e4af64a96/5f52d0a216ec49419bf64b9f_icon-social-media-contact-03-evently-template.svg]
[assets.website-files.com/5f52d0a216ec497e4af64a96/5f52d0a216ec49074bf64bdb_icon-social-media-contact-05-evently-template.svg]
[assets.website-files.com/5f52d0a216ec497e4af64a96/5f52d0a216ec498636f64bdc_icon-social-media-contact-06-evently-template.svg]
[eventlytemplate.sewatech.io/conference.html]
[eventlytemplate.sewatech.io/product/standard-ticket.html]
[assets.website-files.com/5f52d0a216ec492e38f64aba/60a6afccba19462c18a346ad_icon-ticket-01-evently-template.svg]
[assets.website-files.com/5f52d0a216ec497e4af64a96/5f52d0a216ec496e34f64b8f_icon-including-ticket-evently-template.svg]
[eventlytemplate.sewatech.io/tickets.html]
[eventlytemplate.sewatech.io/product/deluxe-ticket.html]
[assets.website-files.com/5f52d0a216ec492e38f64aba/60a6afad113acec6e3b4910e_icon-ticket-02-evently-template.svg]
[assets.website-files.com/5f52d0a216ec492e38f64aba/5f52d0a216ec499246f64c37_post-image-02-evently-template.jpg]
[assets.website-files.com/5f52d0a216ec492e38f64aba/5f52d0a216ec4935b0f64c35_post-image-01-evently-template.jpg]
[assets.website-files.com/5f52d0a216ec492e38f64aba/5f52d0a216ec49ea7ef64c42_post-image-07-evently-template.jpg]
[eventlytemplate.sewatech.io/post/how-to-create-your-first-video-marketing-ad.html]
[assets.website-files.com/5f52d0a216ec492e38f64aba/5f52d0a216ec49313ef64c40_post-image-thumbnail-06-evently-template.jpg]
[eventlytemplate.sewatech.io/post/2021-the-year-of-video-marketing.html]
[assets.website-files.com/5f52d0a216ec492e38f64aba/5f52d0a216ec493e88f64c3e_post-image-thumbnail-05-evently-template.jpg]
[eventlytemplate.sewatech.io/post/3-new-video-platforms-you-should-know-about.html]
[assets.website-files.com/5f52d0a216ec492e38f64aba/5f52d0a216ec49542df64c3c_post-image-thumbnail-04-evently-template.jpg]
[eventlytemplate.sewatech.io/blog.html]
[eventlytemplate.sewatech.io/bloge9e3.html]
[assets.website-files.com/5f52d0a216ec492e38f64aba/60b827f989f440d077265ea5_blog-image-evently-sewatech-template.jpg]
[eventlytemplate.sewatech.io/post/5-great-marketing-trends-to-follow-in-2021.html]
[assets.website-files.com/5f52d0a216ec497e4af64a96/5f52d0a216ec498b3ff64b98_icon-contact-us-01-evently-template.svg]
[assets.website-files.com/5f52d0a216ec497e4af64a96/5f52d0a216ec497387f64b97_icon-contact-us-02-evently-template.svg]
[assets.website-files.com/5f52d0a216ec497e4af64a96/5f52d0a216ec492af9f64b99_icon-contact-us-03-evently-template.svg]
[eventlytemplate.sewatech.io/contact.html]
[assets.website-files.com/5f52d0a216ec497e4af64a96/5f52d0a216ec49ae18f64ba1_icon-social-media-contact-04-evently-template.svg]
[assets.website-files.com/5f52d0a216ec497e4af64a96/5f52d0a216ec492e31f64be1_evently-ticket-download-c.png]
[assets.website-files.com/5f52d0a216ec497e4af64a96/5f52d0a216ec490fc9f64be0_password-protection-evently.png]
[assets.website-files.com/5f52d0a216ec497e4af64a96/5f52d0a216ec4924baf64be6_evently-template.png]
[assets.website-files.com/5f52d0a216ec497e4af64a96/5f52d0a216ec49f0cff64be2_memberstack-sewatech-integration-c.png]
[assets.website-files.com/5f52d0a216ec497e4af64a96/5f52d0a216ec4948bbf64bf2_evently-virtual-conference-sewatech-template-colors.png]
[assets.website-files.com/5f52d0a216ec497e4af64a96/5f52d0a216ec49142ff64bf3_evently-virtual-conference-sewatech-template-fonts.png]
[assets.website-files.com/5f52d0a216ec497e4af64a96/5f52d0a216ec496802f64be9_5f36d72c33466b57e82ce13b_5f34a4b42b04047f920ae061_medica-custom-fotns.png]
[assets.website-files.com/5f52d0a216ec497e4af64a96/5f52d0a216ec4932aef64bf4_evently-virtual-conference-sewatech-template-graphics.png]
[assets.website-files.com/5f52d0a216ec497e4af64a96/5f52d0a216ec498538f64bf5_evently-virtual-conference-sewatech-template-static-content.png]
[assets.website-files.com/5f52d0a216ec497e4af64a96/5f52d0a216ec4920c9f64bf8_evently-virtual-conference-sewatech-template-cms-content.png]
[assets.website-files.com/5f52d0a216ec497e4af64a96/5f52d0a216ec49279af64bf9_evently-virtual-conference-sewatech-template-cms.png]
[assets.website-files.com/5f52d0a216ec497e4af64a96/5f52d0a216ec4979c6f64bfa_evently-virtual-conference-sewatech-template-cms-collection.png]
[assets.website-files.com/5f52d0a216ec497e4af64a96/5f52d0a216ec497c3ef64bff_evently-virtual-conference-sewatech-template-ecommerce.png]
[assets.website-files.com/5f52d0a216ec497e4af64a96/5f52d0a216ec490149f64c00_evently-virtual-conference-sewatech-template-ecommerce-edit.png]
[assets.website-files.com/5f52d0a216ec497e4af64a96/5f52d0a216ec493081f64c01_evently-virtual-conference-sewatech-template-ecommerce-collection.png]
[assets.website-files.com/5f52d0a216ec497e4af64a96/5f52d0a216ec496c8af64bfb_evently-virtual-conference-sewatech-template-interactions.png]
[assets.website-files.com/5f52d0a216ec497e4af64a96/5f52d0a216ec493b85f64bfc_evently-virtual-conference-sewatech-template-viewports.png]
[assets.website-files.com/5f52d0a216ec497e4af64a96/5f52d0a216ec49aeaff64c02_evently-virtual-conference-sewatech-template-seo-tags.png]
[assets.website-files.com/5f52d0a216ec497e4af64a96/5f52d0a216ec496420f64c03_evently-virtual-conference-sewatech-template-backups.png]
[eventlytemplate.sewatech.io/utility-pages/start-here.html]
[assets.website-files.com/5f52d0a216ec497e4af64a96/5f52d0a216ec490cb7f64acd_colors-icon.svg]
[assets.website-files.com/5f52d0a216ec497e4af64a96/5f52d0a216ec490902f64ad8_typography-icon.svg]
[assets.website-files.com/5f52d0a216ec497e4af64a96/5f52d0a216ec49cdd4f64bce_button-icon.svg]
[eventlytemplate.sewatech.io/utility-pages/styleguide.html]
[eventlytemplate.sewatech.io/utility-pages/licenses.html]
[eventlytemplate.sewatech.io/404.html]
[eventlytemplate.sewatech.io/401.html]
[eventlytemplate.sewatech.io/utility-pages/changelog.html]
[assets.website-files.com/5f52d0a216ec497e4af64a96/5f52d0a216ec49aa39f64b83_cart-button-events-template.svg]
[eventlytemplate.sewatech.io/checkout.html]
[assets.website-files.com/5f52d0a216ec497e4af64a96/5f52d0a216ec4955c6f64b0c_bg-about-marketers-01-events-template.svg]
[assets.website-files.com/5f52d0a216ec497e4af64a96/5f52d0a216ec490f67f64b0d_bg-about-marketers-02-events-template.svg]
[assets.website-files.com/5f52d0a216ec497e4af64a96/5f52d0a216ec491ffef64b37_bg-about-marketers-03-events-template.svg]
[assets.website-files.com/5f52d0a216ec497e4af64a96/60a6aeadc1616b75e0f29e8c_icon-marketingconf-01-evently-template.svg]
[assets.website-files.com/5f52d0a216ec497e4af64a96/5f52d0a216ec499f0af64bb6_bg-marketingconf-01-evently-template.svg]
[assets.website-files.com/5f52d0a216ec497e4af64a96/5f52d0a216ec497742f64bb7_bg-discover-01-evently-template.svg]
[assets.website-files.com/5f52d0a216ec497e4af64a96/5f52d0a216ec494ae7f64bb9_bg-discover-03-evently-template.svg]
[assets.website-files.com/5f52d0a216ec497e4af64a96/5f52d0a216ec4981f4f64bb8_bg-discover-02-evently-template.svg]
[assets.website-files.com/5f52d0a216ec497e4af64a96/60a6aeba113ace595cb48bea_icon-marketingconf-02-evently-template.svg]
[assets.website-files.com/5f52d0a216ec497e4af64a96/5f52d0a216ec49e35ff64bbc_bg-connect-03-evently-template.svg]
[assets.website-files.com/5f52d0a216ec497e4af64a96/5f52d0a216ec4917eaf64bba_bg-connect-02-evently-template.svg]
[assets.website-files.com/5f52d0a216ec497e4af64a96/5f52d0a216ec493bc2f64bbb_bg-connect-01-evently-template.svg]
[assets.website-files.com/5f52d0a216ec497e4af64a96/60a6aec36bfea552b60bff16_icon-marketingconf-03-evently-template.svg]
[assets.website-files.com/5f52d0a216ec497e4af64a96/5f52d0a216ec4984e2f64bbd_bg-grow-01-evently-template.svg]
[assets.website-files.com/5f52d0a216ec497e4af64a96/5f52d0a216ec498adaf64bbe_bg-grow-02-evently-template.svg]
[assets.website-files.com/5f52d0a216ec497e4af64a96/5f52d0a216ec4905fef64b39_bg-why-01-events-template.svg]
[assets.website-files.com/5f52d0a216ec497e4af64a96/5f52d0a216ec49a708f64b38_bg-why-02-events-template.svg]
[assets.website-files.com/5f52d0a216ec497e4af64a96/5f52d0a216ec49322bf64bcc_password-icon.svg]
[assets.website-files.com/5f52d0a216ec492e38f64aba/5f52d0a216ec495c4df64c2f_image-speaker-02-events-template.png]
[eventlytemplate.sewatech.io/post/how-to-grow-your-youtube-channel.html]
[assets.website-files.com/5f52d0a216ec492e38f64aba/5f52d0a216ec493b00f64c39_post-image-thumbnail-03-evently-template.jpg]
[eventlytemplate.sewatech.io/speaker/emma-morgan.html]
[assets.website-files.com/5f52d0a216ec492e38f64aba/5f52d0a216ec490fd9f64c23_image-speaker-03-events-template.png]
[eventlytemplate.sewatech.io/speaker/clark-howell.html]
[assets.website-files.com/5f52d0a216ec497e4af64a96/5f52d0a216ec496343f64b14_bg-speakers-section-06-events-template.svg]
[assets.website-files.com/5f52d0a216ec497e4af64a96/5f52d0a216ec493c35f64b13_bg-speakers-section-05-events-template.svg]
[assets.website-files.com/5f52d0a216ec497e4af64a96/5f52d0a216ec490444f64b16_bg-speakers-section-04-events-template.svg]
[assets.website-files.com/5f52d0a216ec497e4af64a96/5f52d0a216ec4989b1f64b15_bg-speakers-section-03-events-template.svg]
[assets.website-files.com/5f52d0a216ec497e4af64a96/5f52d0a216ec495d33f64b11_bg-speakers-section-02-events-template.svg]
[assets.website-files.com/5f52d0a216ec497e4af64a96/5f52d0a216ec493436f64b12_bg-speakers-section-01-events-template.svg]
[assets.website-files.com/5f52d0a216ec497e4af64a96/5f52d0a216ec493867f64b90_icon-benefits-01-evently-template.svg]
[assets.website-files.com/5f52d0a216ec497e4af64a96/5f52d0a216ec4940bbf64b91_icon-benefits-02-evently-template.svg]
[assets.website-files.com/5f52d0a216ec497e4af64a96/5f52d0a216ec499ef7f64b92_icon-benefits-03-evently-template.svg]
[assets.website-files.com/5f52d0a216ec497e4af64a96/5f52d0a216ec4992a3f64b94_icon-benefits-04-evently-template.svg]
[assets.website-files.com/5f52d0a216ec497e4af64a96/5f52d0a216ec493217f64b93_icon-benefits-05-evently-template.svg]
[assets.website-files.com/5f52d0a216ec497e4af64a96/5f52d0a216ec4900aaf64b95_icon-benefits-06-evently-template.svg]
[assets.website-files.com/5f52d0a216ec497e4af64a96/5f52d0a216ec492606f64b1b_bg-testimonials-02-events-template.svg]
[assets.website-files.com/5f52d0a216ec497e4af64a96/5f52d0a216ec49f927f64b1c_bg-benefits-02-events-template.svg]
[assets.website-files.com/5f52d0a216ec497e4af64a96/5f52d0a216ec499971f64b79_logo-sponsor-01-events-template.svg]
[assets.website-files.com/5f52d0a216ec497e4af64a96/5f52d0a216ec499ddff64b7b_logo-sponsor-02-events-template.svg]
[assets.website-files.com/5f52d0a216ec497e4af64a96/5f52d0a216ec4968bff64b7a_logo-sponsor-03-events-template.svg]
[assets.website-files.com/5f52d0a216ec497e4af64a96/5f52d0a216ec4936b0f64b80_logo-sponsor-04-events-template.svg]
[assets.website-files.com/5f52d0a216ec497e4af64a96/5f52d0a216ec4901daf64b7e_logo-sponsor-05-events-template.svg]
[assets.website-files.com/5f52d0a216ec497e4af64a96/5f52d0a216ec49cd99f64b7f_logo-sponsor-06-events-template.svg]
[assets.website-files.com/5f52d0a216ec497e4af64a96/5f52d0a216ec4960baf64b7d_logo-sponsor-07-events-template.svg]
[assets.website-files.com/5f52d0a216ec497e4af64a96/5f52d0a216ec49c6c4f64b81_logo-sponsor-08-events-template.svg]
[assets.website-files.com/5f52d0a216ec497e4af64a96/5f52d0a216ec494696f64b7c_logo-sponsor-09-events-template.svg]
[assets.website-files.com/5f52d0a216ec497e4af64a96/5f52d0a216ec491b9cf64b28_bg-cta-06-events-template.svg]
[assets.website-files.com/5f52d0a216ec497e4af64a96/5f52d0a216ec49daebf64b27_bg-cta-05-events-template.svg]
[assets.website-files.com/5f52d0a216ec497e4af64a96/5f52d0a216ec492343f64b25_bg-cta-04-events-template.svg]
[assets.website-files.com/5f52d0a216ec497e4af64a96/5f52d0a216ec490be0f64b26_bg-cta-03-events-template.svg]
[assets.website-files.com/5f52d0a216ec497e4af64a96/5f52d0a216ec492cecf64b24_bg-cta-02-events-template.svg]
[assets.website-files.com/5f52d0a216ec497e4af64a96/5f52d0a216ec49195af64b23_bg-cta-01-events-template.svg]
[eventlytemplate.sewatech.io/post/5-video-editing-tools-you-need-to-know-2.html]
[eventlytemplate.sewatech.io/blog-category/advertising.html]
[eventlytemplate.sewatech.io/post/how-to-plan-a-content-marketing-strategy-2.html]
[eventlytemplate.sewatech.io/post/how-to-plan-a-content-marketing-strategy.html]
[eventlytemplate.sewatech.io/blog-category/marketing.html]
[eventlytemplate.sewatech.io/post/5-video-editing-tools-you-need-to-know.html]
[assets.website-files.com/5f52d0a216ec492e38f64aba/5f52d0a216ec497321f64c2b_image-speaker-05-events-template.png]
[eventlytemplate.sewatech.io/speaker/jason-larson.html]
[assets.website-files.com/5f52d0a216ec497e4af64a96/5f52d0a216ec493e34f64b46_bg-blog-02-events-template.svg]
[assets.website-files.com/5f52d0a216ec497e4af64a96/5f52d0a216ec49147ff64b45_bg-blog-01-events-template.svg]
[assets.website-files.com/5f52d0a216ec497e4af64a96/5f52d0a216ec490849f64b29_bg-testimonials-01-events-template.svg]
[eventlytemplate.sewatech.io/event-category/marketing.html]
[eventlytemplate.sewatech.io/event/3-great-platforms-to-promote-your-video.html]
[assets.website-files.com/5f52d0a216ec497e4af64a96/5f52d0a216ec498298f64b82_icon-schedule-events-template.svg]
[eventlytemplate.sewatech.io/event-category/producing.html]
[assets.website-files.com/5f52d0a216ec492e38f64aba/5f52d0a216ec491e19f64c27_image-speaker-07-events-template.png]
[eventlytemplate.sewatech.io/speaker/stuart-newman.html]
[eventlytemplate.sewatech.io/event/editing-101-how-to-produce-a-great-video.html]
[eventlytemplate.sewatech.io/event-category/branding.html]
[eventlytemplate.sewatech.io/event/branding-101-how-to-have-a-consistent-video-style.html]
[assets.website-files.com/5f52d0a216ec492e38f64aba/5f52d0a216ec496d82f64c29_image-speaker-06-events-template.png]
[eventlytemplate.sewatech.io/speaker/elena-summers.html]
[eventlytemplate.sewatech.io/event/how-to-increase-your-video-reach-in-youtube-2.html]
[eventlytemplate.sewatech.io/event/video-gear-what-gear-to-buy-for-video-producing-2.html]
[eventlytemplate.sewatech.io/event/facebook-vs-youtube-for-video-pros-cons-2.html]
[assets.website-files.com/5f52d0a216ec497e4af64a96/60a6aef985b039e80c3b1c1e_logo-dark-evently.svg]
[assets.website-files.com/5f52d0a216ec497e4af64a96/5f52d0a216ec493068f64ba4_bg-who-we-are-evently-template.svg]
[eventlytemplate.sewatech.io/post/5-great-marketing-trends-to-follow-in-2020.html]
[assets.website-files.com/5f52d0a216ec497e4af64a96/5f52d0a216ec49439df64b87_cart-button-evently-template.svg]
[assets.website-files.com/5f52d0a216ec497e4af64a96/5f52d0a216ec491040f64bb1_bg-about-us-01-evently-template.svg]
[assets.website-files.com/5f52d0a216ec497e4af64a96/5f52d0a216ec495d96f64bb2_bg-about-us-04-evently-template.svg]
[assets.website-files.com/5f52d0a216ec497e4af64a96/5f52d0a216ec497d83f64bad_bg-about-us-03-evently-template.svg]
[assets.website-files.com/5f52d0a216ec497e4af64a96/5f52d0a216ec491625f64bb0_bg-about-us-02-evently-template.svg]
[assets.website-files.com/5f52d0a216ec497e4af64a96/5f52d0a216ec4951e3f64bac_icon-faq-evently-template.svg]
[eventlytemplate.sewatech.io/event-category/advertising.html]
[eventlytemplate.sewatech.io/event/case-study-how-we-got-3-6m-views-in-just-3-days.html]
[assets.website-files.com/5f52d0a216ec492e38f64aba/5f52d0a216ec491487f64c25_image-speaker-08-events-template.png]
[eventlytemplate.sewatech.io/speaker/tracy-bridges.html]
[eventlytemplate.sewatech.io/event/viral-marketing-how-to-create-a-viral-video.html]
[eventlytemplate.sewatech.io/event/how-to-increase-your-video-reach-in-youtube.html]
[eventlytemplate.sewatech.io/speaker/james-hudson.html]
[eventlytemplate.sewatech.io/event/video-gear-what-gear-to-buy-for-video-producing.html]
[assets.website-files.com/5f52d0a216ec492e38f64aba/5f52d0a216ec49295af64c2d_image-speaker-04-events-template.png]
[eventlytemplate.sewatech.io/speaker/miranda-hoffman.html]
[eventlytemplate.sewatech.io/event/facebook-vs-youtube-for-video-pros-cons.html]
[eventlytemplate.sewatech.io/event/how-to-create-a-successful-video-marketing-ad.html]
[assets.website-files.com/5f52d0a216ec497e4af64a96/5f52d0a216ec49b18ff64b89_bg-speaker-01-evently-template.svg]
[assets.website-files.com/5f52d0a216ec497e4af64a96/5f52d0a216ec493803f64b88_bg-speaker-02-evently-template.svg]
[assets.website-files.com/5f52d0a216ec497e4af64a96/5f52d0a216ec49f0acf64bcf_bg-welcome-04-evently-template.svg]
[assets.website-files.com/5f52d0a216ec497e4af64a96/5f52d0a216ec4956cbf64bd1_bg-welcome-03-evently-template.svg]
[assets.website-files.com/5f52d0a216ec497e4af64a96/5f52d0a216ec49d385f64bd0_bg-welcome-02-evently-template.svg]
[assets.website-files.com/5f52d0a216ec497e4af64a96/5f52d0a216ec49404cf64bd4_bg-welcome-01-evently-template.svg]
[assets.website-files.com/5f52d0a216ec497e4af64a96/5f52d0a216ec495c6cf64bd5_icon-resource-01-evently-template.svg]
[assets.website-files.com/5f52d0a216ec497e4af64a96/5f52d0a216ec49bd2af64bd7_icon-resource-02-evently-template.svg]
[assets.website-files.com/5f52d0a216ec497e4af64a96/5f52d0a216ec49175cf64bd6_icon-resource-03-evently-template.svg]
[assets.website-files.com/5f52d0a216ec497e4af64a96/5f52d0a216ec492ee6f64bd8_icon-resource-04-evently-template.svg]
[assets.website-files.com/5f52d0a216ec497e4af64a96/5f52d0a216ec490d06f64bda_icon-resource-05-evently-template.svg]
[assets.website-files.com/5f52d0a216ec497e4af64a96/5f52d0a216ec49467ef64bd9_icon-resource-06-evently-template.svg]
[assets.website-files.com/5f52d0a216ec497e4af64a96/5f52d0a216ec498003f64b9e_icon-social-media-contact-01-evently-template.svg]
[assets.website-files.com/5f52d0a216ec497e4af64a96/5f52d0a216ec492554f64ba0_icon-social-media-contact-02-evently-template.svg]
[assets.website-files.com/5f52d0a216ec497e4af64a96/5f52d0a216ec49419bf64b9f_icon-social-media-contact-03-evently-template.svg]
[assets.website-files.com/5f52d0a216ec497e4af64a96/5f52d0a216ec49074bf64bdb_icon-social-media-contact-05-evently-template.svg]
[assets.website-files.com/5f52d0a216ec497e4af64a96/5f52d0a216ec498636f64bdc_icon-social-media-contact-06-evently-template.svg]
[assets.website-files.com/5f52d0a216ec497e4af64a96/5f52d0a216ec494966f64bdd_icon-social-media-contact-07-evently-template.svg]
[eventlytemplate.sewatech.io/product/standard-ticket.html]
[assets.website-files.com/5f52d0a216ec492e38f64aba/60a6afccba19462c18a346ad_icon-ticket-01-evently-template.svg]
[assets.website-files.com/5f52d0a216ec497e4af64a96/5f52d0a216ec496e34f64b8f_icon-including-ticket-evently-template.svg]
[assets.website-files.com/5f52d0a216ec492e38f64aba/60a6afad113acec6e3b4910e_icon-ticket-02-evently-template.svg]
[assets.website-files.com/5f52d0a216ec492e38f64aba/5f52d0a216ec499250f64c3f_post-image-06-evently-template.jpg]
[eventlytemplate.sewatech.io/post/how-to-create-your-first-video-marketing-ad.html]
[assets.website-files.com/5f52d0a216ec492e38f64aba/5f52d0a216ec49589af64c3d_post-image-05-evently-template.jpg]
[eventlytemplate.sewatech.io/post/2021-the-year-of-video-marketing.html]
[assets.website-files.com/5f52d0a216ec492e38f64aba/5f52d0a216ec49f9e8f64c3b_post-image-04-evently-template.jpg]
[eventlytemplate.sewatech.io/post/3-new-video-platforms-you-should-know-about.html]
[eventlytemplate.sewatech.io/bloge9e3.html]
[assets.website-files.com/5f52d0a216ec497e4af64a96/5f52d0a216ec498b3ff64b98_icon-contact-us-01-evently-template.svg]
[assets.website-files.com/5f52d0a216ec497e4af64a96/5f52d0a216ec497387f64b97_icon-contact-us-02-evently-template.svg]
[assets.website-files.com/5f52d0a216ec497e4af64a96/5f52d0a216ec492af9f64b99_icon-contact-us-03-evently-template.svg]
[assets.website-files.com/5f52d0a216ec497e4af64a96/5f52d0a216ec493a2cf64b9b_bg-contact-us-03-evently-template.svg]
[assets.website-files.com/5f52d0a216ec497e4af64a96/5f52d0a216ec4925aff64b9a_bg-contact-us-02-evently-template.svg]
[assets.website-files.com/5f52d0a216ec497e4af64a96/5f52d0a216ec492207f64b10_bg-contact-us-01-evently-template.svg]
[assets.website-files.com/5f52d0a216ec497e4af64a96/5f52d0a216ec49ae18f64ba1_icon-social-media-contact-04-evently-template.svg]
[assets.website-files.com/5f52d0a216ec497e4af64a96/5f52d0a216ec490cb7f64acd_colors-icon.svg]
[assets.website-files.com/5f52d0a216ec497e4af64a96/5f52d0a216ec490902f64ad8_typography-icon.svg]
[assets.website-files.com/5f52d0a216ec497e4af64a96/5f52d0a216ec49cdd4f64bce_button-icon.svg]
[assets.website-files.com/5f52d0a216ec497e4af64a96/5f52d0a216ec492bb7f64ad6_card-icon.svg]
[assets.website-files.com/5f52d0a216ec497e4af64a96/5f52d0a216ec49322bf64bcc_password-icon.svg]
[eventlytemplate.sewatech.io/blog526a.html]
[assets.website-files.com/5f52d0a216ec492e38f64aba/5f52d0a216ec49cda5f64c3a_post-image-03-evently-template.jpg]
[eventlytemplate.sewatech.io/post/how-to-grow-your-youtube-channel.html]
[eventlytemplate.sewatech.io/post/how-to-plan-a-content-marketing-strategy.html]
[eventlytemplate.sewatech.io/post/5-video-editing-tools-you-need-to-know.html]
[assets.website-files.com/5f52d0a216ec497e4af64a96/5f52d0a216ec495c41f64b96_icon-date-event-evently-template.svg]
[eventlytemplate.sewatech.io/blog526a.html]
